Microchip MPLAB XC8 PIC(R) Assembler V3.10

Linker command line:

-W-3 --edf=/Applications/microchip/xc8/v3.10/pic/dat/20250813170317_en.msgs \
  -cs -h+dist/default/production/TP1_aLED.X.production.sym \
  --cmf=dist/default/production/TP1_aLED.X.production.cmf -z -Q18F25K40 \
  -o/tmp/xcILWENOe/driver_tmp_3.o --fixupoverflow=error \
  -ver=XC8 PIC(R) Assembler --fixupoverflow=lstwarn \
  -Mdist/default/production/TP1_aLED.X.production.map -E1 -ACODE=00h-07FFFh \
  -ACONST=00h-07FFFh -ASMALLCONST=0800h-08FFhx120 \
  -AMEDIUMCONST=0800h-07FFFh -ACOMRAM=00h-05Fh -AABS1=00h-07FFh \
  -ABIGRAM=00h-07FFh -ARAM=060h-0FFh,0100h-01FFhx7 -ABANK0=060h-0FFh \
  -ABANK1=0100h-01FFh -ABANK2=0200h-02FFh -ABANK3=0300h-03FFh \
  -ABANK4=0400h-04FFh -ABANK5=0500h-05FFh -ABANK6=0600h-06FFh \
  -ABANK7=0700h-07FFh -ASFR=0EA0h-0EFFhx2,0F60h-0FFFh -ABIGSFR=0EA0h-0FFFh \
  -AIDLOC=0200000h-020000Fh -AEEDATA=0310000h-03100FFh \
  build/default/production/main.o 

Object code version is 3.11

Machine type is 18F25K40



                Name                               Link     Load   Length Selector   Space Scale
build/default/production/main.o
                config                           300000   300000        C        0       4
                code                                  0        0      110        0       0

TOTAL           Name                               Link     Load   Length     Space
        CLASS   CODE           
                code                                  0        0      110         0

        CLASS   CONST          

        CLASS   SMALLCONST     

        CLASS   MEDIUMCONST    

        CLASS   COMRAM         

        CLASS   ABS1           

        CLASS   BIGRAM         

        CLASS   RAM            

        CLASS   BANK0          

        CLASS   BANK1          

        CLASS   BANK2          

        CLASS   BANK3          

        CLASS   BANK4          

        CLASS   BANK5          

        CLASS   BANK6          

        CLASS   BANK7          

        CLASS   SFR            

        CLASS   BIGSFR         

        CLASS   IDLOC          

        CLASS   EEDATA         

        CLASS   CONFIG         
                config                           300000   300000        C         4



SEGMENTS        Name                           Load    Length   Top    Selector   Space  Class



UNUSED ADDRESS RANGES

        Name                Unused          Largest block    Delta
        BANK0            000060-0000FF               A0
        BANK1            000100-0001FF              100
        BANK2            000200-0002FF              100
        BANK3            000300-0003FF              100
        BANK4            000400-0004FF              100
        BANK5            000500-0005FF              100
        BANK6            000600-0006FF              100
        BANK7            000700-0007FF              100
        BIGRAM           000110-0007FF              6F0
        BIGSFR           000EA0-000FFF              160
        CODE             000110-007FFF             7EF0
        COMRAM           000000-00005F               60
        CONST            000110-007FFF             7EF0
        EEDATA           310000-3100FF              100
        IDLOC            200000-20000F               10
        MEDIUMCONST      000800-007FFF             7800
        RAM              000060-0007FF              100
        SFR              000EA0-000FFF               60
        SMALLCONST       000800-007FFF              100

                                  Symbol Table

__H__absolute__ __absolute__ 000000  __Hcode         code         000000
__Hconfig       config       30000C  __Hdata         data         000000
__Hedata        edata        000000  __Hspace_0      (abs)        000110
__Hspace_1      (abs)        000000  __Hspace_3      (abs)        000000
__Hspace_4      (abs)        60000C  __Hudata        udata        000000
__Hudata_acs    udata_acs    000000  __Hudata_bank0  udata_bank0  000000
__Hudata_bank1  udata_bank1  000000  __Hudata_bank2  udata_bank2  000000
__Hudata_bank3  udata_bank3  000000  __Hudata_bank4  udata_bank4  000000
__Hudata_bank5  udata_bank5  000000  __Hudata_bank6  udata_bank6  000000
__Hudata_bank7  udata_bank7  000000  __L__absolute__ __absolute__ 000000
__Lcode         code         000000  __Lconfig       config       000000
__Ldata         data         000000  __Ledata        edata        000000
__Lspace_0      (abs)        000000  __Lspace_1      (abs)        000000
__Lspace_3      (abs)        000000  __Lspace_4      (abs)        000000
__Ludata        udata        000000  __Ludata_acs    udata_acs    000000
__Ludata_bank0  udata_bank0  000000  __Ludata_bank1  udata_bank1  000000
__Ludata_bank2  udata_bank2  000000  __Ludata_bank3  udata_bank3  000000
__Ludata_bank4  udata_bank4  000000  __Ludata_bank5  udata_bank5  000000
__Ludata_bank6  udata_bank6  000000  __Ludata_bank7  udata_bank7  000000
__S0            (abs)        000000  __S1            (abs)        000000
__S3            (abs)        000000  isa$std         (abs)        000001
isa$xinst       (abs)        000000  
